00000000 000002b7 x5=00000000
00000004 00528293 x5=00000005
00000008 00000337 x6=00000000
0000000c 00a30313 x6=0000000a
00000010 006283b3 x7=0000000f
00000014 00000e37 x28=00000000
00000018 00fe0e13 x28=0000000f
0000001c 31c39e63 x0=00000000
00000020 405303b3 x7=00000005
00000024 00000e37 x28=00000000
00000028 005e0e13 x28=00000005
0000002c 31c39663 x0=00000000
00000030 f0f0f2b7 x5=f0f0f000
00000034 0f028293 x5=f0f0f0f0
00000038 0f0f1337 x6=0f0f1000
0000003c f0f30313 x6=0f0f0f0f
00000040 0062e3b3 x7=ffffffff
00000044 00000e37 x28=00000000
00000048 fffe0e13 x28=ffffffff
0000004c 2fc39663 x0=00000000
00000050 0062f3b3 x7=00000000
00000054 2e039263 x0=00000000
00000058 01c2c3b3 x7=0f0f0f0f
0000005c 2c639e63 x0=00000000
00000060 800002b7 x5=80000000
00000064 00028293 x5=80000000
00000068 4042d393 x7=f8000000
0000006c f8000e37 x28=f8000000
00000070 000e0e13 x28=f8000000
00000074 2dc39263 x0=00000000
00000078 0042d393 x7=08000000
0000007c 08000e37 x28=08000000
00000080 000e0e13 x28=08000000
00000084 2bc39a63 x0=00000000
00000088 800002b7 x5=80000000
0000008c 00028293 x5=80000000
00000090 00000337 x6=00000000
00000094 00130313 x6=00000001
00000098 0062a3b3 x7=00000001
0000009c 00000e37 x28=00000000
000000a0 001e0e13 x28=00000001
000000a4 29c39a63 x0=00000000
000000a8 0062b3b3 x7=00000000
000000ac 28039663 x0=00000000
000000b0 10000437 x8=10000000
000000b4 00040413 x8=10000000
000000b8 aabbd2b7 x5=aabbd000
000000bc cdd28293 x5=aabbccdd
000000c0 00542023 x0=00000000
000000c4 00042303 x6=aabbccdd
000000c8 26531863 x0=00000000
000000cc 00044303 x6=000000dd
000000d0 00000e37 x28=00000000
000000d4 0dde0e13 x28=000000dd
000000d8 27c31063 x0=00000000
000000dc 00344303 x6=000000aa
000000e0 00000e37 x28=00000000
000000e4 0aae0e13 x28=000000aa
000000e8 25c31863 x0=00000000
000000ec 00040303 x6=ffffffdd
000000f0 00000e37 x28=00000000
000000f4 fdde0e13 x28=ffffffdd
000000f8 25c31063 x0=00000000
000000fc 00245303 x6=0000aabb
00000100 0000be37 x28=0000b000
00000104 abbe0e13 x28=0000aabb
00000108 23c31863 x0=00000000
0000010c 00241303 x6=ffffaabb
00000110 ffffbe37 x28=ffffb000
00000114 abbe0e13 x28=ffffaabb
00000118 23c31063 x0=00000000
0000011c 000002b7 x5=00000000
00000120 01128293 x5=00000011
00000124 005400a3 x0=00000000
00000128 00042303 x6=aabb11dd
0000012c aabb1e37 x28=aabb1000
00000130 1dde0e13 x28=aabb11dd
00000134 21c31263 x0=00000000
00000138 000002b7 x5=00000000
0000013c 00528293 x5=00000005
00000140 00000337 x6=00000000
00000144 00530313 x6=00000005
00000148 00628463 x0=00000000
00000150 00000337 x6=00000000
00000154 00630313 x6=00000006
00000158 00629463 x0=00000000
00000160 0062c463 x0=00000000
00000168 00535463 x0=00000000
00000170 000002b7 x5=00000000
00000174 fff28293 x5=ffffffff
00000178 00000337 x6=00000000
0000017c 00130313 x6=00000001
00000180 00536463 x0=00000000
00000188 0062c463 x0=00000000
00000190 1b8000ef x1=00000194
00000348 00000537 x10=00000000
0000034c 02a50513 x10=0000002a
00000350 00008067 x0=00000354
00000194 00000e37 x28=00000000
00000198 02ae0e13 x28=0000002a
0000019c 19c51e63 x0=00000000
000001a0 abcde2b7 x5=abcde000
000001a4 abcdee37 x28=abcde000
000001a8 000e0e13 x28=abcde000
000001ac 19c29663 x0=00000000
000001b0 000002b7 x5=00000000
000001b4 fff28293 x5=ffffffff
000001b8 00000337 x6=00000000
000001bc fff30313 x6=ffffffff
000001c0 026283b3 x7=00000001
000001c4 00000e37 x28=00000000
000001c8 001e0e13 x28=00000001
000001cc 17c39663 x0=00000000
000001d0 026293b3 x7=00000000
000001d4 16039263 x0=00000000
000001d8 0262b3b3 x7=fffffffe
000001dc 00000e37 x28=00000000
000001e0 ffee0e13 x28=fffffffe
000001e4 15c39a63 x0=00000000
000001e8 0262a3b3 x7=ffffffff
000001ec 00000e37 x28=00000000
000001f0 fffe0e13 x28=ffffffff
000001f4 15c39263 x0=00000000
000001f8 800002b7 x5=80000000
000001fc 00028293 x5=80000000
00000200 80000337 x6=80000000
00000204 00030313 x6=80000000
00000208 026293b3 x7=40000000
0000020c 40000e37 x28=40000000
00000210 000e0e13 x28=40000000
00000214 13c39263 x0=00000000
00000218 00000537 x10=00000000
0000021c fff50513 x10=ffffffff
00000220 343335b7 x11=34333000
00000224 23158593 x11=34333231
00000228 00b5250b x10=641c1f5c
0000022c 383735b7 x11=38373000
00000230 63558593 x11=38373635
00000234 00b5250b x10=651f2550
00000238 000005b7 x11=00000000
0000023c 03958593 x11=00000039
00000240 00b5050b x10=340bc6d9
00000244 fff54513 x10=cbf43926
00000248 cbf44e37 x28=cbf44000
0000024c 926e0e13 x28=cbf43926
00000250 0fc51463 x0=00000000
00000254 00000537 x10=00000000
00000258 fff50513 x10=ffffffff
0000025c 343335b7 x11=34333000
00000260 23158593 x11=34333231
00000264 00b5250b x10=641c1f5c
00000268 00000637 x12=00000000
0000026c fff60613 x12=ffffffff
00000270 000006b7 x13=00000000
00000274 03168693 x13=00000031
00000278 00d6060b x12=7c231048
0000027c 000006b7 x13=00000000
00000280 03268693 x13=00000032
00000284 00d6060b x12=b0acbb32
00000288 000006b7 x13=00000000
0000028c 03368693 x13=00000033
00000290 00d6060b x12=77b79c2d
00000294 000006b7 x13=00000000
00000298 03468693 x13=00000034
0000029c 00d6060b x12=641c1f5c
000002a0 08c51c63 x0=00000000
000002a4 000002b7 x5=00000000
000002a8 00028293 x5=00000000
000002ac 00000337 x6=00000000
000002b0 00130313 x6=00000001
000002b4 000003b7 x7=00000000
000002b8 00b38393 x7=0000000b
000002bc 006282b3 x5=00000001
000002c0 00130313 x6=00000002
000002c4 fe734ce3 x0=00000000
000002bc 006282b3 x5=00000003
000002c0 00130313 x6=00000003
000002c4 fe734ce3 x0=00000000
000002bc 006282b3 x5=00000006
000002c0 00130313 x6=00000004
000002c4 fe734ce3 x0=00000000
000002bc 006282b3 x5=0000000a
000002c0 00130313 x6=00000005
000002c4 fe734ce3 x0=00000000
000002bc 006282b3 x5=0000000f
000002c0 00130313 x6=00000006
000002c4 fe734ce3 x0=00000000
000002bc 006282b3 x5=00000015
000002c0 00130313 x6=00000007
000002c4 fe734ce3 x0=00000000
000002bc 006282b3 x5=0000001c
000002c0 00130313 x6=00000008
000002c4 fe734ce3 x0=00000000
000002bc 006282b3 x5=00000024
000002c0 00130313 x6=00000009
000002c4 fe734ce3 x0=00000000
000002bc 006282b3 x5=0000002d
000002c0 00130313 x6=0000000a
000002c4 fe734ce3 x0=00000000
000002bc 006282b3 x5=00000037
000002c0 00130313 x6=0000000b
000002c4 fe734ce3 x0=00000000
000002c8 00000e37 x28=00000000
000002cc 037e0e13 x28=00000037
000002d0 07c29463 x0=00000000
000002d4 00000297 x5=000002d4
000002d8 00000317 x6=000002d8
000002dc 405303b3 x7=00000004
000002e0 00000e37 x28=00000000
000002e4 004e0e13 x28=00000004
000002e8 05c39863 x0=00000000
000002ec 00001297 x5=000012ec
000002f0 00000317 x6=000002f0
000002f4 406283b3 x7=00000ffc
000002f8 00001e37 x28=00001000
000002fc ffce0e13 x28=00000ffc
00000300 03c39c63 x0=00000000
00000304 0000000f x0=00000000
00000308 000062b7 x5=00006000
0000030c a5a28293 x5=00005a5a
00000310 0000000f x0=00000000
00000314 00006337 x6=00006000
00000318 a5a30313 x6=00005a5a
0000031c 00629e63 x0=00000000
00000320 200002b7 x5=20000000
00000324 00028293 x5=20000000
00000328 00000337 x6=00000000
0000032c 00130313 x6=00000001
00000330 0062a023 x0=00000000
